Microchip MPLAB XC8 Compiler V2.20

Linker command line:

-W-3 --edf=C:\Program Files\Microchip\xc8\v2.20\pic\dat\en_msgs.txt -cn \
  -h+dist/default/production\TrabalhoDeEmbarcada.X.production.sym \
  --cmf=dist/default/production\TrabalhoDeEmbarcada.X.production.cmf -z \
  -Q18F4520 -oC:\Users\Rodrigo\AppData\Local\Temp\s5kk.2 \
  --defsym=__MPLAB_BUILD=1 \
  -Mdist/default/production/TrabalhoDeEmbarcada.X.production.map -E1 \
  -ver=XC8 Compiler --acfsm=1493 -ASTACK=080h-05FFh -pstack=STACK \
  -ACODE=00h-07FFFh -ACONST=00h-07FFFh -ASMALLCONST=0600h-06FFhx122 \
  -AMEDIUMCONST=0600h-07FFFh -ACOMRAM=01h-07Fh -AABS1=00h-05FFh \
  -ABIGRAM=01h-05FFh -ARAM=080h-0FFh,0100h-01FFhx5 -ABANK0=080h-0FFh \
  -ABANK1=0100h-01FFh -ABANK2=0200h-02FFh -ABANK3=0300h-03FFh \
  -ABANK4=0400h-04FFh -ABANK5=0500h-05FFh -ASFR=0F80h-0FFFh \
  -ACONFIG=0300000h-030000Dh -AIDLOC=0200000h-0200007h \
  -preset_vec=00h,intcode,intcodelo,powerup,init -pramtop=0600h \
  -psmallconst=SMALLCONST -pmediumconst=MEDIUMCONST -pconst=CONST \
  -AFARRAM=00h-00h -AEEDATA=0F00000h-0F000FFh -peeprom_data=EEDATA \
  -prdata=COMRAM,nvrram=COMRAM,nvbit=COMRAM,rbss=COMRAM,rbit=COMRAM \
  -pfarbss=FARRAM,fardata=FARRAM,nvFARRAM=FARRAM \
  -pintsave_regs=BIGRAM,bigbss=BIGRAM,bigdata=BIGRAM -pbss=RAM \
  -pidata=CODE,irdata=CODE,ibigdata=CODE,ifardata=CODE -prparam=COMRAM \
  C:\Users\Rodrigo\AppData\Local\Temp\s5kk.o \
  dist/default/production\TrabalhoDeEmbarcada.X.production.o 

Object code version is 3.11

Machine type is 18F4520



                Name                               Link     Load   Length Selector   Space Scale
C:\Users\Rodrigo\AppData\Local\Temp\s5kk.o
                idloc                            200000   200000        8        0       5
                config                           300000   300000        E        0       4
                init                                  0        0        4        0       0
dist/default/production\TrabalhoDeEmbarcada.X.production.o
                idloc                            200000   200000        8        0       5
                config                           300000   300000        E        0       4
                smallconst                          600      600       96      300       0
                text19                              D88      D88       64      34B       0
                text18                              CBA      CBA       6A      34B       0
                text17                              FE8      FE8        8      784       0
                text16                              F66      F66       2A      784       0
                text15                              F08      F08       34      784       0
                text14                              F3C      F3C       2A      784       0
                text13                              BCE      BCE       78      34B       0
                text12                              9F8      9F8       A0      34B       0
                text11                              FB6      FB6       26      784       0
                text10                              C46      C46       74      34B       0
                text9                               D24      D24       64      34B       0
                text8                               806      806      14E      34B       0
                text7                               E48      E48       54      34B       0
                text6                               F90      F90       26      784       0
                text5                               FDC      FDC        C      784       0
                text4                               696      696      170      34B       0
                text3                               B34      B34       9A      34B       0
                text2                               A98      A98       9C      34B       0
                text1                               DEC      DEC       5C      34B       0
                text0                               954      954       A4      34B       0
                cstackCOMRAM                          1        1       3D        1       1
                dataCOMRAM                           3E       3E       35        1       1
                bssCOMRAM                            73       73        8        1       1
                cinit                               E9C      E9C       36      34B       0
                idataCOMRAM                         ED2      ED2       35      34B       0

TOTAL           Name                               Link     Load   Length     Space
        CLASS   STACK          

        CLASS   CODE           
                init                                  0        0        4         0
                text19                              D88      D88       64         0
                text18                              CBA      CBA       6A         0
                text17                              FE8      FE8        8         0
                text16                              F66      F66       2A         0
                text15                              F08      F08       34         0
                text14                              F3C      F3C       2A         0
                text13                              BCE      BCE       78         0
                text12                              9F8      9F8       A0         0
                text11                              FB6      FB6       26         0
                text10                              C46      C46       74         0
                text9                               D24      D24       64         0
                text8                               806      806      14E         0
                text7                               E48      E48       54         0
                text6                               F90      F90       26         0
                text5                               FDC      FDC        C         0
                text4                               696      696      170         0
                text3                               B34      B34       9A         0
                text2                               A98      A98       9C         0
                text1                               DEC      DEC       5C         0
                text0                               954      954       A4         0
                cinit                               E9C      E9C       36         0
                idataCOMRAM                         ED2      ED2       35         0

        CLASS   CONST          

        CLASS   SMALLCONST     
                smallconst                          600      600       96         0

        CLASS   MEDIUMCONST    

        CLASS   COMRAM         
                cstackCOMRAM                          1        1       3D         1
                dataCOMRAM                           3E       3E       35         1
                bssCOMRAM                            73       73        8         1

        CLASS   ABS1           

        CLASS   BIGRAM         

        CLASS   RAM            

        CLASS   BANK0          

        CLASS   BANK1          

        CLASS   BANK2          

        CLASS   BANK3          

        CLASS   BANK4          

        CLASS   BANK5          

        CLASS   SFR            

        CLASS   CONFIG         
                config                           300000   300000        E         4

        CLASS   IDLOC          
                idloc                            200000   200000        8         5

        CLASS   FARRAM         

        CLASS   EEDATA         



SEGMENTS        Name                           Load    Length   Top    Selector   Space  Class

                reset_vec                      000000  000004  000004         0       0  CODE    
                cstackCOMRAM                   000001  00007A  00007B         1       1  COMRAM  
                smallconst                     000600  000096  000696       300       0  SMALLCON
                text4                          000696  000871  000F07       34B       0  CODE    
                text15                         000F08  0000E8  000FF0       784       0  CODE    


UNUSED ADDRESS RANGES

        Name                Unused          Largest block    Delta
        BANK0            000080-0000FF               80
        BANK1            000100-0001FF              100
        BANK2            000200-0002FF              100
        BANK3            000300-0003FF              100
        BANK4            000400-0004FF              100
        BANK5            000500-0005FF              100
        BIGRAM           00007B-0005FF              585
        CODE             000004-0005FF              5FC
                         000F07-000F07                1
                         000FF0-007FFF             7010
        COMRAM           00007B-00007F                5
        CONST            000004-0005FF              5FC
                         000F07-000F07                1
                         000FF0-007FFF             7010
        EEDATA           F00000-F000FF              100
        MEDIUMCONST      000F07-000F07                1
                         000FF0-007FFF             7010
        RAM              000080-0005FF              100
        SFR              000F80-000FFF               80
        SMALLCONST       000F07-000F07                1
                         000FF0-007FFF              100
        STACK            000080-0005FF              580

                                  Symbol Table

?___lwdiv                       cstackCOMRAM 000001
?___lwmod                       cstackCOMRAM 000001
?___wmul                        cstackCOMRAM 000001
__HRAM                          (abs)        000000
__Habs1                         abs1         000000
__Hbank0                        bank0        000000
__Hbank1                        bank1        000000
__Hbank2                        bank2        000000
__Hbank3                        bank3        000000
__Hbank4                        bank4        000000
__Hbank5                        bank5        000000
__Hbigbss                       bigbss       000000
__Hbigdata                      bigdata      000000
__Hbigram                       bigram       000000
__Hbss                          bss          000000
__HbssCOMRAM                    bssCOMRAM    000000
__Hcinit                        cinit        000000
__Hclrtext                      clrtext      000000
__Hcomram                       comram       000000
__Hconfig                       config       30000E
__Hconst                        const        000000
__HcstackCOMRAM                 cstackCOMRAM 000000
__Hdata                         data         000000
__HdataCOMRAM                   dataCOMRAM   000000
__Heeprom_data                  eeprom_data  000000
__Hfarbss                       farbss       000000
__Hfardata                      fardata      000000
__Hibigdata                     ibigdata     000000
__Hidata                        idata        000000
__HidataCOMRAM                  idataCOMRAM  000000
__Hidloc                        idloc        200008
__Hifardata                     ifardata     000000
__Hinit                         init         000004
__Hintcode                      intcode      000000
__Hintcode_body                 intcode_body 000000
__Hintcodelo                    intcodelo    000000
__Hintentry                     intentry     000000
__Hintret                       intret       000000
__Hintsave_regs                 intsave_regs 000000
__Hirdata                       irdata       000000
__Hmediumconst                  mediumconst  000000
__HnvFARRAM                     nvFARRAM     000000
__Hnvbit                        nvbit        000000
__Hnvrram                       nvrram       000000
__Hparam                        rparam       000000
__Hpowerup                      powerup      000000
__Hram                          ram          000000
__Hramtop                       ramtop       000600
__Hrbit                         rbit         000000
__Hrbss                         rbss         000000
__Hrdata                        rdata        000000
__Hreset_vec                    reset_vec    000000
__Hrparam                       rparam       000000
__Hsfr                          sfr          000000
__Hsmallconst                   smallconst   000696
__Hspace_0                      (abs)        000FF0
__Hspace_1                      (abs)        00007B
__Hspace_2                      (abs)        000000
__Hspace_4                      (abs)        60000E
__Hstack                        stack        000000
__Hstruct                       struct       000000
__Htemp                         temp         000000
__Htext                         text         000000
__Htext0                        text0        000000
__Htext1                        text1        000000
__Htext10                       text10       000000
__Htext11                       text11       000000
__Htext12                       text12       000000
__Htext13                       text13       000000
__Htext14                       text14       000000
__Htext15                       text15       000000
__Htext16                       text16       000000
__Htext17                       text17       000000
__Htext18                       text18       000000
__Htext19                       text19       000000
__Htext2                        text2        000000
__Htext3                        text3        000000
__Htext4                        text4        000000
__Htext5                        text5        000000
__Htext6                        text6        000000
__Htext7                        text7        000000
__Htext8                        text8        000000
__Htext9                        text9        000000
__LRAM                          (abs)        000001
__Labs1                         abs1         000000
__Lbank0                        bank0        000000
__Lbank1                        bank1        000000
__Lbank2                        bank2        000000
__Lbank3                        bank3        000000
__Lbank4                        bank4        000000
__Lbank5                        bank5        000000
__Lbigbss                       bigbss       000000
__Lbigdata                      bigdata      000000
__Lbigram                       bigram       000000
__Lbss                          bss          000000
__LbssCOMRAM                    bssCOMRAM    000000
__Lcinit                        cinit        000000
__Lclrtext                      clrtext      000000
__Lcomram                       comram       000000
__Lconfig                       config       000000
__Lconst                        const        000000
__LcstackCOMRAM                 cstackCOMRAM 000000
__Ldata                         data         000000
__LdataCOMRAM                   dataCOMRAM   000000
__Leeprom_data                  eeprom_data  000000
__Lfarbss                       farbss       000000
__Lfardata                      fardata      000000
__Libigdata                     ibigdata     000000
__Lidata                        idata        000000
__LidataCOMRAM                  idataCOMRAM  000000
__Lidloc                        idloc        000000
__Lifardata                     ifardata     000000
__Linit                         init         000000
__Lintcode                      intcode      000000
__Lintcode_body                 intcode_body 000000
__Lintcodelo                    intcodelo    000000
__Lintentry                     intentry     000000
__Lintret                       intret       000000
__Lintsave_regs                 intsave_regs 000000
__Lirdata                       irdata       000000
__Lmediumconst                  mediumconst  000000
__LnvFARRAM                     nvFARRAM     000000
__Lnvbit                        nvbit        000000
__Lnvrram                       nvrram       000000
__Lparam                        rparam       000000
__Lpowerup                      powerup      000000
__Lram                          ram          000000
__Lramtop                       ramtop       000600
__Lrbit                         rbit         000000
__Lrbss                         rbss         000000
__Lrdata                        rdata        000000
__Lreset_vec                    reset_vec    000000
__Lrparam                       rparam       000000
__Lsfr                          sfr          000000
__Lsmallconst                   smallconst   000600
__Lspace_0                      (abs)        000000
__Lspace_1                      (abs)        000000
__Lspace_2                      (abs)        000000
__Lspace_4                      (abs)        000000
__Lstack                        stack        000000
__Lstruct                       struct       000000
__Ltemp                         temp         000000
__Ltext                         text         000000
__Ltext0                        text0        000000
__Ltext1                        text1        000000
__Ltext10                       text10       000000
__Ltext11                       text11       000000
__Ltext12                       text12       000000
__Ltext13                       text13       000000
__Ltext14                       text14       000000
__Ltext15                       text15       000000
__Ltext16                       text16       000000
__Ltext17                       text17       000000
__Ltext18                       text18       000000
__Ltext19                       text19       000000
__Ltext2                        text2        000000
__Ltext3                        text3        000000
__Ltext4                        text4        000000
__Ltext5                        text5        000000
__Ltext6                        text6        000000
__Ltext7                        text7        000000
__Ltext8                        text8        000000
__Ltext9                        text9        000000
__S0                            (abs)        000FF0
__S1                            (abs)        00007B
__S2                            (abs)        000000
__S4                            (abs)        000000
__S5                            (abs)        000000
___inthi_sp                     stack        000000
___intlo_sp                     stack        000000
___lwdiv                        text10       000C46
___lwdiv@counter                cstackCOMRAM 000007
___lwdiv@dividend               cstackCOMRAM 000001
___lwdiv@divisor                cstackCOMRAM 000003
___lwdiv@quotient               cstackCOMRAM 000005
___lwmod                        text9        000D24
___lwmod@counter                cstackCOMRAM 000005
___lwmod@dividend               cstackCOMRAM 000001
___lwmod@divisor                cstackCOMRAM 000003
___param_bank                   (abs)        000000
___rparam_used                  (abs)        000001
___sp                           stack        000000
___wmul                         text11       000FB6
___wmul@multiplicand            cstackCOMRAM 000003
___wmul@multiplier              cstackCOMRAM 000001
___wmul@product                 cstackCOMRAM 000005
__accesstop                     (abs)        000080
__activetblptr                  (abs)        000002
__end_of___lwdiv                text10       000CBA
__end_of___lwmod                text9        000D88
__end_of___wmul                 text11       000FDC
__end_of__initialization        cinit        000EC8
__end_of_add_char               text12       000A98
__end_of_atraso_animado         text18       000D24
__end_of_atraso_ms              text19       000DEC
__end_of_coluna                 smallconst   000604
__end_of_decifrar               text2        000B34
__end_of_displayNum             text8        000954
__end_of_display_input          text7        000E9C
__end_of_lcd_cmd                text16       000F90
__end_of_lcd_dat                text14       000F66
__end_of_lcd_init               text1        000E48
__end_of_lcd_set_cursor         text15       000F3C
__end_of_lcd_str                text13       000C46
__end_of_lcd_wr                 text17       000FF0
__end_of_ler_input              text3        000BCE
__end_of_limpar_dados           text6        000FB6
__end_of_main                   text0        0009F8
__end_of_start_buzzer           text5        000FE8
__end_of_tc_tecla               text4        000806
__end_ofdecifrar@polibiouSquare smallconst   00061D
__initialization                cinit        000E9C
__mediumconst                   mediumconst  000000
__pbssCOMRAM                    bssCOMRAM    000073
__pcinit                        cinit        000E9C
__pcstackCOMRAM                 cstackCOMRAM 000001
__pdataCOMRAM                   dataCOMRAM   00003E
__pidataCOMRAM                  idataCOMRAM  000ED2
__psmallconst                   smallconst   000600
__ptext0                        text0        000954
__ptext1                        text1        000DEC
__ptext10                       text10       000C46
__ptext11                       text11       000FB6
__ptext12                       text12       0009F8
__ptext13                       text13       000BCE
__ptext14                       text14       000F3C
__ptext15                       text15       000F08
__ptext16                       text16       000F66
__ptext17                       text17       000FE8
__ptext18                       text18       000CBA
__ptext19                       text19       000D88
__ptext2                        text2        000A98
__ptext3                        text3        000B34
__ptext4                        text4        000696
__ptext5                        text5        000FDC
__ptext6                        text6        000F90
__ptext7                        text7        000E48
__ptext8                        text8        000806
__ptext9                        text9        000D24
__ramtop                        ramtop       000600
__size_of___lwdiv               (abs)        000000
__size_of___lwmod               (abs)        000000
__size_of___wmul                (abs)        000000
__size_of_add_char              (abs)        000000
__size_of_atraso_animado        (abs)        000000
__size_of_atraso_ms             (abs)        000000
__size_of_decifrar              (abs)        000000
__size_of_displayNum            (abs)        000000
__size_of_display_input         (abs)        000000
__size_of_lcd_cmd               (abs)        000000
__size_of_lcd_dat               (abs)        000000
__size_of_lcd_init              (abs)        000000
__size_of_lcd_set_cursor        (abs)        000000
__size_of_lcd_str               (abs)        000000
__size_of_lcd_wr                (abs)        000000
__size_of_ler_input             (abs)        000000
__size_of_limpar_dados          (abs)        000000
__size_of_main                  (abs)        000000
__size_of_start_buzzer          (abs)        000000
__size_of_tc_tecla              (abs)        000000
__smallconst                    smallconst   000600
_add_char                       text12       0009F8
_atraso                         dataCOMRAM   00005E
_atraso_animado                 text18       000CBA
_atraso_min                     dataCOMRAM   000060
_atraso_ms                      text19       000D88
_buzzer_delay                   bssCOMRAM    000073
_coluna                         smallconst   000601
_cursor                         bssCOMRAM    000079
_decifrar                       text2        000A98
_displayNum                     text8        000806
_display_input                  text7        000E48
_input_ant                      bssCOMRAM    000075
_input_atual                    bssCOMRAM    000077
_input_num                      bssCOMRAM    00007A
_lcd_cmd                        text16       000F66
_lcd_dat                        text14       000F3C
_lcd_init                       text1        000DEC
_lcd_set_cursor                 text15       000F08
_lcd_set_cursor$83              cstackCOMRAM 00000A
_lcd_str                        text13       000BCE
_lcd_wr                         text17       000FE8
_ler_input                      text3        000B34
_limpar_dados                   text6        000F90
_main                           text0        000954
_start_buzzer                   text5        000FDC
_tc_tecla                       text4        000696
add_char@c                      cstackCOMRAM 00000D
add_char@linha_buffer           dataCOMRAM   000062
atraso_ms@i                     cstackCOMRAM 000003
atraso_ms@j                     cstackCOMRAM 000005
atraso_ms@k                     cstackCOMRAM 000006
atraso_ms@t                     cstackCOMRAM 000001
decifrar@polibiouSquare         smallconst   000604
displayNum@F27                  dataCOMRAM   00003E
displayNum@b                    cstackCOMRAM 00000A
displayNum@d                    cstackCOMRAM 000034
displayNum@i                    cstackCOMRAM 000030
displayNum@j                    cstackCOMRAM 000032
displayNum@n                    cstackCOMRAM 000036
displayNum@number               cstackCOMRAM 000008
displayNum@tempo                cstackCOMRAM 00000C
displayNum@values7seg           cstackCOMRAM 000010
end_of_initialization           cinit        000EC8
intlevel0                       text         000000
intlevel1                       text         000000
intlevel2                       text         000000
intlevel3                       text         000000
lcd_cmd@val                     cstackCOMRAM 000007
lcd_dat@val                     cstackCOMRAM 000007
lcd_set_cursor@col              cstackCOMRAM 000008
lcd_set_cursor@line             cstackCOMRAM 000009
lcd_str@i                       cstackCOMRAM 00000C
lcd_str@str                     cstackCOMRAM 000008
lcd_wr@val                      cstackCOMRAM 000001
ler_input@a                     cstackCOMRAM 00000B
stackhi                         (abs)        0005FF
stacklo                         (abs)        000080
start                           init         000000
start_initialization            cinit        000E9C
tc_tecla@i                      cstackCOMRAM 000009
tc_tecla@ret                    cstackCOMRAM 000008
tc_tecla@tmp                    cstackCOMRAM 000007


FUNCTION INFORMATION:

 *************** function _main *****************
 Defined at:
		line 25 in file "main.c"
 Parameters:    Size  Location     Type
		None
 Auto vars:     Size  Location     Type
		None
 Return value:  Size  Location     Type
                  1    wreg      void 
 Registers used:
		wreg, fsr0l, fsr0h, fsr1l, fsr1h, fsr2l, fsr2h, status,2, status,0, tblptrl, tblptrh, tblptru, prodl, prodh, cstack
 Tracked objects:
		On entry : 
		On exit  : 
		Unchanged: 
 Data sizes:     COMRAM   BANK0   BANK1   BANK2   BANK3   BANK4   BANK5
      Params:         0       0       0       0       0       0       0
      Locals:         0       0       0       0       0       0       0
      Temps:          0       0       0       0       0       0       0
      Totals:         0       0       0       0       0       0       0
Total ram usage:        0 bytes
 Hardware stack levels required when called:    5
 This function calls:
		_atraso_animado
		_decifrar
		_lcd_cmd
		_lcd_init
		_lcd_set_cursor
		_lcd_str
 This function is called by:
		Startup code after reset
 This function uses a non-reentrant model


 *************** function _lcd_init *****************
 Defined at:
		line 29 in file "lcd.c"
 Parameters:    Size  Location     Type
		None
 Auto vars:     Size  Location     Type
		None
 Return value:  Size  Location     Type
                  1    wreg      void 
 Registers used:
		wreg, status,2, status,0, cstack
 Tracked objects:
		On entry : 
		On exit  : 
		Unchanged: 
 Data sizes:     COMRAM   BANK0   BANK1   BANK2   BANK3   BANK4   BANK5
      Params:         0       0       0       0       0       0       0
      Locals:         0       0       0       0       0       0       0
      Temps:          0       0       0       0       0       0       0
      Totals:         0       0       0       0       0       0       0
Total ram usage:        0 bytes
 Hardware stack levels used:    1
 Hardware stack levels required when called:    2
 This function calls:
		_atraso_ms
		_lcd_cmd
 This function is called by:
		_main
 This function uses a non-reentrant model


 *************** function _decifrar *****************
 Defined at:
		line 142 in file "decifrar.c"
 Parameters:    Size  Location     Type
		None
 Auto vars:     Size  Location     Type
		None
 Return value:  Size  Location     Type
                  2   12[None  ] int 
 Registers used:
		wreg, fsr0l, fsr0h, fsr1l, fsr1h, fsr2l, fsr2h, status,2, status,0, tblptrl, tblptrh, tblptru, prodl, prodh, cstack
 Tracked objects:
		On entry : 
		On exit  : 
		Unchanged: 
 Data sizes:     COMRAM   BANK0   BANK1   BANK2   BANK3   BANK4   BANK5
      Params:         0       0       0       0       0       0       0
      Locals:         0       0       0       0       0       0       0
      Temps:          4       0       0       0       0       0       0
      Totals:         4       0       0       0       0       0       0
Total ram usage:        4 bytes
 Hardware stack levels used:    1
 Hardware stack levels required when called:    4
 This function calls:
		_add_char
		_display_input
		_ler_input
		_limpar_dados
 This function is called by:
		_main
 This function uses a non-reentrant model


 *************** function _ler_input *****************
 Defined at:
		line 116 in file "decifrar.c"
 Parameters:    Size  Location     Type
		None
 Auto vars:     Size  Location     Type
  a               2   10[COMRAM] int 
 Return value:  Size  Location     Type
                  1    wreg      void 
 Registers used:
		wreg, fsr2l, fsr2h, status,2, status,0, tblptrl, tblptrh, tblptru, cstack
 Tracked objects:
		On entry : 
		On exit  : 
		Unchanged: 
 Data sizes:     COMRAM   BANK0   BANK1   BANK2   BANK3   BANK4   BANK5
      Params:         0       0       0       0       0       0       0
      Locals:         2       0       0       0       0       0       0
      Temps:          1       0       0       0       0       0       0
      Totals:         3       0       0       0       0       0       0
Total ram usage:        3 bytes
 Hardware stack levels used:    1
 Hardware stack levels required when called:    3
 This function calls:
		_limpar_dados
		_start_buzzer
		_tc_tecla
 This function is called by:
		_decifrar
 This function uses a non-reentrant model


 *************** function _tc_tecla *****************
 Defined at:
		line 19 in file "teclado.c"
 Parameters:    Size  Location     Type
		None
 Auto vars:     Size  Location     Type
  i               1    8[COMRAM] unsigned char 
  ret             1    7[COMRAM] unsigned char 
  tmp             1    6[COMRAM] unsigned char 
 Return value:  Size  Location     Type
                  1    wreg      unsigned char 
 Registers used:
		wreg, status,2, status,0, tblptrl, tblptrh, tblptru, cstack
 Tracked objects:
		On entry : 
		On exit  : 
		Unchanged: 
 Data sizes:     COMRAM   BANK0   BANK1   BANK2   BANK3   BANK4   BANK5
      Params:         0       0       0       0       0       0       0
      Locals:         3       0       0       0       0       0       0
      Temps:          0       0       0       0       0       0       0
      Totals:         3       0       0       0       0       0       0
Total ram usage:        3 bytes
 Hardware stack levels used:    1
 Hardware stack levels required when called:    1
 This function calls:
		_atraso_ms
 This function is called by:
		_ler_input
 This function uses a non-reentrant model


 *************** function _start_buzzer *****************
 Defined at:
		line 19 in file "decifrar.c"
 Parameters:    Size  Location     Type
		None
 Auto vars:     Size  Location     Type
		None
 Return value:  Size  Location     Type
                  1    wreg      void 
 Registers used:
		wreg, status,2, status,0
 Tracked objects:
		On entry : 
		On exit  : 
		Unchanged: 
 Data sizes:     COMRAM   BANK0   BANK1   BANK2   BANK3   BANK4   BANK5
      Params:         0       0       0       0       0       0       0
      Locals:         0       0       0       0       0       0       0
      Temps:          0       0       0       0       0       0       0
      Totals:         0       0       0       0       0       0       0
Total ram usage:        0 bytes
 Hardware stack levels used:    1
 This function calls:
		Nothing
 This function is called by:
		_ler_input
 This function uses a non-reentrant model


 *************** function _limpar_dados *****************
 Defined at:
		line 99 in file "decifrar.c"
 Parameters:    Size  Location     Type
		None
 Auto vars:     Size  Location     Type
		None
 Return value:  Size  Location     Type
                  1    wreg      void 
 Registers used:
		wreg, status,2, status,0, cstack
 Tracked objects:
		On entry : 
		On exit  : 
		Unchanged: 
 Data sizes:     COMRAM   BANK0   BANK1   BANK2   BANK3   BANK4   BANK5
      Params:         0       0       0       0       0       0       0
      Locals:         0       0       0       0       0       0       0
      Temps:          0       0       0       0       0       0       0
      Totals:         0       0       0       0       0       0       0
Total ram usage:        0 bytes
 Hardware stack levels used:    1
 Hardware stack levels required when called:    2
 This function calls:
		_lcd_cmd
 This function is called by:
		_ler_input
		_decifrar
 This function uses a non-reentrant model


 *************** function _display_input *****************
 Defined at:
		line 136 in file "decifrar.c"
 Parameters:    Size  Location     Type
		None
 Auto vars:     Size  Location     Type
		None
 Return value:  Size  Location     Type
                  1    wreg      void 
 Registers used:
		wreg, fsr1l, fsr1h, fsr2l, fsr2h, status,2, status,0, prodl, prodh, cstack
 Tracked objects:
		On entry : 
		On exit  : 
		Unchanged: 
 Data sizes:     COMRAM   BANK0   BANK1   BANK2   BANK3   BANK4   BANK5
      Params:         0       0       0       0       0       0       0
      Locals:         0       0       0       0       0       0       0
      Temps:          2       0       0       0       0       0       0
      Totals:         2       0       0       0       0       0       0
Total ram usage:        2 bytes
 Hardware stack levels used:    1
 Hardware stack levels required when called:    2
 This function calls:
		___wmul
		_displayNum
 This function is called by:
		_decifrar
 This function uses a non-reentrant model


 *************** function _displayNum *****************
 Defined at:
		line 58 in file "decifrar.c"
 Parameters:    Size  Location     Type
  number          2    7[COMRAM] unsigned int 
  b               2    9[COMRAM] unsigned int 
  tempo           2   11[COMRAM] int 
 Auto vars:     Size  Location     Type
  n               2   53[COMRAM] int 
  values7seg     32   15[COMRAM] unsigned int [16]
  d               2   51[COMRAM] int 
  j               2   49[COMRAM] int 
  i               2   47[COMRAM] int 
 Return value:  Size  Location     Type
                  1    wreg      void 
 Registers used:
		wreg, fsr1l, fsr1h, fsr2l, fsr2h, status,2, status,0, cstack
 Tracked objects:
		On entry : 
		On exit  : 
		Unchanged: 
 Data sizes:     COMRAM   BANK0   BANK1   BANK2   BANK3   BANK4   BANK5
      Params:         6       0       0       0       0       0       0
      Locals:        40       0       0       0       0       0       0
      Temps:          2       0       0       0       0       0       0
      Totals:        48       0       0       0       0       0       0
Total ram usage:       48 bytes
 Hardware stack levels used:    1
 Hardware stack levels required when called:    1
 This function calls:
		___lwdiv
		___lwmod
 This function is called by:
		_display_input
 This function uses a non-reentrant model


 *************** function ___lwmod *****************
 Defined at:
		line 7 in file "C:\Program Files\Microchip\xc8\v2.20\pic\sources\c99\common\lwmod.c"
 Parameters:    Size  Location     Type
  dividend        2    0[COMRAM] unsigned int 
  divisor         2    2[COMRAM] unsigned int 
 Auto vars:     Size  Location     Type
  counter         1    4[COMRAM] unsigned char 
 Return value:  Size  Location     Type
                  2    0[COMRAM] unsigned int 
 Registers used:
		wreg, status,2, status,0
 Tracked objects:
		On entry : 
		On exit  : 
		Unchanged: 
 Data sizes:     COMRAM   BANK0   BANK1   BANK2   BANK3   BANK4   BANK5
      Params:         4       0       0       0       0       0       0
      Locals:         1       0       0       0       0       0       0
      Temps:          0       0       0       0       0       0       0
      Totals:         5       0       0       0       0       0       0
Total ram usage:        5 bytes
 Hardware stack levels used:    1
 This function calls:
		Nothing
 This function is called by:
		_displayNum
 This function uses a non-reentrant model


 *************** function ___lwdiv *****************
 Defined at:
		line 7 in file "C:\Program Files\Microchip\xc8\v2.20\pic\sources\c99\common\lwdiv.c"
 Parameters:    Size  Location     Type
  dividend        2    0[COMRAM] unsigned int 
  divisor         2    2[COMRAM] unsigned int 
 Auto vars:     Size  Location     Type
  quotient        2    4[COMRAM] unsigned int 
  counter         1    6[COMRAM] unsigned char 
 Return value:  Size  Location     Type
                  2    0[COMRAM] unsigned int 
 Registers used:
		wreg, status,2, status,0
 Tracked objects:
		On entry : 
		On exit  : 
		Unchanged: 
 Data sizes:     COMRAM   BANK0   BANK1   BANK2   BANK3   BANK4   BANK5
      Params:         4       0       0       0       0       0       0
      Locals:         3       0       0       0       0       0       0
      Temps:          0       0       0       0       0       0       0
      Totals:         7       0       0       0       0       0       0
Total ram usage:        7 bytes
 Hardware stack levels used:    1
 This function calls:
		Nothing
 This function is called by:
		_displayNum
 This function uses a non-reentrant model


 *************** function ___wmul *****************
 Defined at:
		line 15 in file "C:\Program Files\Microchip\xc8\v2.20\pic\sources\c99\common\Umul16.c"
 Parameters:    Size  Location     Type
  multiplier      2    0[COMRAM] unsigned int 
  multiplicand    2    2[COMRAM] unsigned int 
 Auto vars:     Size  Location     Type
  product         2    4[COMRAM] unsigned int 
 Return value:  Size  Location     Type
                  2    0[COMRAM] unsigned int 
 Registers used:
		wreg, status,2, status,0, prodl, prodh
 Tracked objects:
		On entry : 
		On exit  : 
		Unchanged: 
 Data sizes:     COMRAM   BANK0   BANK1   BANK2   BANK3   BANK4   BANK5
      Params:         4       0       0       0       0       0       0
      Locals:         2       0       0       0       0       0       0
      Temps:          0       0       0       0       0       0       0
      Totals:         6       0       0       0       0       0       0
Total ram usage:        6 bytes
 Hardware stack levels used:    1
 This function calls:
		Nothing
 This function is called by:
		_display_input
 This function uses a non-reentrant model


 *************** function _add_char *****************
 Defined at:
		line 31 in file "decifrar.c"
 Parameters:    Size  Location     Type
  c               1    wreg     unsigned char 
 Auto vars:     Size  Location     Type
  c               1   12[COMRAM] unsigned char 
 Return value:  Size  Location     Type
                  1    wreg      void 
 Registers used:
		wreg, fsr0l, fsr0h, fsr2l, fsr2h, status,2, status,0, tblptrl, tblptrh, tblptru, cstack
 Tracked objects:
		On entry : 
		On exit  : 
		Unchanged: 
 Data sizes:     COMRAM   BANK0   BANK1   BANK2   BANK3   BANK4   BANK5
      Params:         0       0       0       0       0       0       0
      Locals:         1       0       0       0       0       0       0
      Temps:          0       0       0       0       0       0       0
      Totals:         1       0       0       0       0       0       0
Total ram usage:        1 bytes
 Hardware stack levels used:    1
 Hardware stack levels required when called:    3
 This function calls:
		_lcd_dat
		_lcd_set_cursor
		_lcd_str
 This function is called by:
		_decifrar
 This function uses a non-reentrant model


 *************** function _lcd_str *****************
 Defined at:
		line 47 in file "lcd.c"
 Parameters:    Size  Location     Type
  str             2    7[COMRAM] PTR const unsigned char 
		 -> STR_7(17), add_char@linha_buffer(17), STR_6(17), STR_5(17), 
		 -> STR_4(17), STR_3(17), STR_2(17), STR_1(17), 
 Auto vars:     Size  Location     Type
  i               1   11[COMRAM] unsigned char 
 Return value:  Size  Location     Type
                  1    wreg      void 
 Registers used:
		wreg, fsr0l, fsr0h, status,2, status,0, tblptrl, tblptrh, tblptru, cstack
 Tracked objects:
		On entry : 
		On exit  : 
		Unchanged: 
 Data sizes:     COMRAM   BANK0   BANK1   BANK2   BANK3   BANK4   BANK5
      Params:         2       0       0       0       0       0       0
      Locals:         1       0       0       0       0       0       0
      Temps:          2       0       0       0       0       0       0
      Totals:         5       0       0       0       0       0       0
Total ram usage:        5 bytes
 Hardware stack levels used:    1
 Hardware stack levels required when called:    2
 This function calls:
		_lcd_dat
 This function is called by:
		_main
		_add_char
 This function uses a non-reentrant model


 *************** function _lcd_dat *****************
 Defined at:
		line 19 in file "lcd.c"
 Parameters:    Size  Location     Type
  val             1    wreg     unsigned char 
 Auto vars:     Size  Location     Type
  val             1    6[COMRAM] unsigned char 
 Return value:  Size  Location     Type
                  1    wreg      void 
 Registers used:
		wreg, status,2, status,0, cstack
 Tracked objects:
		On entry : 
		On exit  : 
		Unchanged: 
 Data sizes:     COMRAM   BANK0   BANK1   BANK2   BANK3   BANK4   BANK5
      Params:         0       0       0       0       0       0       0
      Locals:         1       0       0       0       0       0       0
      Temps:          0       0       0       0       0       0       0
      Totals:         1       0       0       0       0       0       0
Total ram usage:        1 bytes
 Hardware stack levels used:    1
 Hardware stack levels required when called:    1
 This function calls:
		_atraso_ms
		_lcd_wr
 This function is called by:
		_lcd_str
		_add_char
 This function uses a non-reentrant model


 *************** function _lcd_set_cursor *****************
 Defined at:
		line 56 in file "lcd.c"
 Parameters:    Size  Location     Type
  line            1    wreg     unsigned char 
  col             1    7[COMRAM] unsigned char 
 Auto vars:     Size  Location     Type
  line            1    8[COMRAM] unsigned char 
 Return value:  Size  Location     Type
                  1    wreg      void 
 Registers used:
		wreg, status,2, status,0, cstack
 Tracked objects:
		On entry : 
		On exit  : 
		Unchanged: 
 Data sizes:     COMRAM   BANK0   BANK1   BANK2   BANK3   BANK4   BANK5
      Params:         1       0       0       0       0       0       0
      Locals:         3       0       0       0       0       0       0
      Temps:          0       0       0       0       0       0       0
      Totals:         4       0       0       0       0       0       0
Total ram usage:        4 bytes
 Hardware stack levels used:    1
 Hardware stack levels required when called:    2
 This function calls:
		_lcd_cmd
 This function is called by:
		_main
		_add_char
 This function uses a non-reentrant model


 *************** function _lcd_cmd *****************
 Defined at:
		line 9 in file "lcd.c"
 Parameters:    Size  Location     Type
  val             1    wreg     unsigned char 
 Auto vars:     Size  Location     Type
  val             1    6[COMRAM] unsigned char 
 Return value:  Size  Location     Type
                  1    wreg      void 
 Registers used:
		wreg, status,2, status,0, cstack
 Tracked objects:
		On entry : 
		On exit  : 
		Unchanged: 
 Data sizes:     COMRAM   BANK0   BANK1   BANK2   BANK3   BANK4   BANK5
      Params:         0       0       0       0       0       0       0
      Locals:         1       0       0       0       0       0       0
      Temps:          0       0       0       0       0       0       0
      Totals:         1       0       0       0       0       0       0
Total ram usage:        1 bytes
 Hardware stack levels used:    1
 Hardware stack levels required when called:    1
 This function calls:
		_atraso_ms
		_lcd_wr
 This function is called by:
		_main
		_lcd_init
		_lcd_set_cursor
		_limpar_dados
 This function uses a non-reentrant model


 *************** function _lcd_wr *****************
 Defined at:
		line 5 in file "lcd.c"
 Parameters:    Size  Location     Type
  val             1    wreg     unsigned char 
 Auto vars:     Size  Location     Type
  val             1    0[COMRAM] unsigned char 
 Return value:  Size  Location     Type
                  1    wreg      void 
 Registers used:
		wreg
 Tracked objects:
		On entry : 
		On exit  : 
		Unchanged: 
 Data sizes:     COMRAM   BANK0   BANK1   BANK2   BANK3   BANK4   BANK5
      Params:         0       0       0       0       0       0       0
      Locals:         1       0       0       0       0       0       0
      Temps:          0       0       0       0       0       0       0
      Totals:         1       0       0       0       0       0       0
Total ram usage:        1 bytes
 Hardware stack levels used:    1
 This function calls:
		Nothing
 This function is called by:
		_lcd_cmd
		_lcd_dat
 This function uses a non-reentrant model


 *************** function _atraso_animado *****************
 Defined at:
		line 10 in file "main.c"
 Parameters:    Size  Location     Type
		None
 Auto vars:     Size  Location     Type
		None
 Return value:  Size  Location     Type
                  1    wreg      void 
 Registers used:
		wreg, status,2, status,0, cstack
 Tracked objects:
		On entry : 
		On exit  : 
		Unchanged: 
 Data sizes:     COMRAM   BANK0   BANK1   BANK2   BANK3   BANK4   BANK5
      Params:         0       0       0       0       0       0       0
      Locals:         0       0       0       0       0       0       0
      Temps:          0       0       0       0       0       0       0
      Totals:         0       0       0       0       0       0       0
Total ram usage:        0 bytes
 Hardware stack levels used:    1
 Hardware stack levels required when called:    1
 This function calls:
		_atraso_ms
 This function is called by:
		_main
 This function uses a non-reentrant model


 *************** function _atraso_ms *****************
 Defined at:
		line 3 in file "delay.c"
 Parameters:    Size  Location     Type
  t               2    0[COMRAM] int 
 Auto vars:     Size  Location     Type
  i               2    2[COMRAM] volatile unsigned int 
  k               1    5[COMRAM] volatile unsigned char 
  j               1    4[COMRAM] volatile unsigned char 
 Return value:  Size  Location     Type
                  1    wreg      void 
 Registers used:
		wreg, status,2, status,0
 Tracked objects:
		On entry : 
		On exit  : 
		Unchanged: 
 Data sizes:     COMRAM   BANK0   BANK1   BANK2   BANK3   BANK4   BANK5
      Params:         2       0       0       0       0       0       0
      Locals:         4       0       0       0       0       0       0
      Temps:          0       0       0       0       0       0       0
      Totals:         6       0       0       0       0       0       0
Total ram usage:        6 bytes
 Hardware stack levels used:    1
 This function calls:
		Nothing
 This function is called by:
		_atraso_animado
		_lcd_cmd
		_lcd_dat
		_lcd_init
		_tc_tecla
 This function uses a non-reentrant model



MODULE INFORMATION

Module		Function		Class		Link	Load	Size
delay.c
		_atraso_ms     		CODE           	0D88	0000	101

delay.c estimated size: 101

teclado.c
		_tc_tecla      		CODE           	0696	0000	369

teclado.c estimated size: 369

C:\Program Files\Microchip\xc8\v2.20\pic\sources\c99\common\Umul16.c
		___wmul        		CODE           	0FB6	0000	39

C:\Program Files\Microchip\xc8\v2.20\pic\sources\c99\common\Umul16.c estimated size: 39

C:\Program Files\Microchip\xc8\v2.20\pic\sources\c99\common\lwmod.c
		___lwmod       		CODE           	0D24	0000	101

C:\Program Files\Microchip\xc8\v2.20\pic\sources\c99\common\lwmod.c estimated size: 101

shared
		decifrar@polibiouSquare		SMALLCONST     	0604	0000	26
		__initialization		CODE           	0E9C	0000	45
		_coluna        		SMALLCONST     	0601	0000	4

shared estimated size: 75

lcd.c
		_lcd_cmd       		CODE           	0F66	0000	43
		_lcd_dat       		CODE           	0F3C	0000	43
		_lcd_set_cursor		CODE           	0F08	0000	53
		_lcd_wr        		CODE           	0FE8	0000	9
		_lcd_str       		CODE           	0BCE	0000	121
		_lcd_init      		CODE           	0DEC	0000	93

lcd.c estimated size: 362

C:\Program Files\Microchip\xc8\v2.20\pic\sources\c99\common\lwdiv.c
		___lwdiv       		CODE           	0C46	0000	117

C:\Program Files\Microchip\xc8\v2.20\pic\sources\c99\common\lwdiv.c estimated size: 117

decifrar.c
		_decifrar      		CODE           	0A98	0000	157
		_limpar_dados  		CODE           	0F90	0000	39
		_displayNum    		CODE           	0806	0000	335
		_add_char      		CODE           	09F8	0000	161
		_display_input 		CODE           	0E48	0000	85
		_ler_input     		CODE           	0B34	0000	155
		_start_buzzer  		CODE           	0FDC	0000	13

decifrar.c estimated size: 945

main.c
		_main          		CODE           	0954	0000	165
		_atraso_animado		CODE           	0CBA	0000	107

main.c estimated size: 272

